// Jest Snapshot v1, https://goo.gl/fbAQLP

exports[`FormSection renders without crashing 1`] = `
<Container
  alignContent="center"
  height="100%"
>
  <Row
    justify="center"
    styles={
      Object {
        "padding": "3rem",
      }
    }
  >
    <Column
      xs={10}
    >
      <PageHeading
        align="center"
      >
        pages.sign_in.heading
      </PageHeading>
    </Column>
  </Row>
  <Row
    justify="center"
  >
    <Column
      xs={10}
    >
      <withI18nextTranslation(SignInForm) />
    </Column>
  </Row>
</Container>
`;
