// Jest Snapshot v1, https://goo.gl/fbAQLP

exports[`FormSection renders without crashing 1`] = `
<Container
  alignContent="center"
  height="100%"
>
  <Row
    justify="center"
  >
    <Column
      align="center"
      xs={4}
    >
      <Styled(RobotoTypographyWrapper)
        color="primary"
        component="h1"
        gutterBottom={true}
        size={1.2}
        variant="overline"
      >
        pages.sign_in.heading
      </Styled(RobotoTypographyWrapper)>
    </Column>
  </Row>
  <Row>
    <Column
      xs={true}
    >
      <Connect(withI18nextTranslation(ReduxForm)) />
    </Column>
  </Row>
</Container>
`;
